---
source: prql-compiler/tests/integration/main.rs
expression: result_string
input_file: prql-compiler/tests/integration/queries/invoice_totals.prql
---
Amsterdam,Lijnbaansgracht 120bg,7,38,38,
Bangalore,3,Raj Bhavan Road,6,36,36,
Berlin,Barbarossastraße 19,7,38,38,
Berlin,Tauentzienstraße 8,7,38,76,
Bordeaux,9, Place Louis Barthou,7,38,38,
Boston,69 Salem Street,7,38,38,
Brasília,Qe 7 Bloco G,7,38,38,
Brussels,Grétrystraat 63,7,38,38,38
Budapest,Erzsébet krt. 58.,7,38,38,36
Buenos Aires,307 Macacha Güemes,7,38,38,38
Chicago,162 E Superior Street,7,38,38,38
Copenhagen,Sønder Boulevard 51,7,38,38,38
Cupertino,1 Infinite Loop,7,38,38,38
Delhi,12,Community Centre,7,38,38,38
Dijon,68, Rue Jouvence,7,38,38,38
Dublin,3 Chatham Street,7,38,38,38
Edinburgh ,110 Raeburn Pl,7,38,38,38
Edmonton,8210 111 ST NW,7,38,38,38
Fort Worth,2211 W Berry Street,7,38,38,38
Frankfurt,Berger Straße 10,7,38,38,38

