---
source: book/tests/snapshot.rs
expression: "from employees\ntake 10\n"
---
SELECT
  *
FROM
  employees
LIMIT
  10

