---
source: prqlc/prqlc/tests/integration/queries.rs
expression: "from invoices\nselect {an_id = invoice_id, name = null}\ntake 2\nappend (\n  from employees\n  select {an_id = null, name = first_name}\n  take 2\n)\n"
input_file: prqlc/prqlc/tests/integration/queries/append_select_nulls.prql
---
--- generic
+++ postgres
@@ -1,26 +1,19 @@
-SELECT
-  *
-FROM
-  (
-    SELECT
-      invoice_id AS an_id,
-      NULL AS name
-    FROM
-      invoices
-    LIMIT
-      2
-  ) AS table_2
+(
+  SELECT
+    invoice_id AS an_id,
+    NULL AS name
+  FROM
+    invoices
+  LIMIT
+    2
+)
 UNION
-ALL
-SELECT
-  *
-FROM
-  (
-    SELECT
-      NULL AS an_id,
-      first_name AS name
-    FROM
-      employees
-    LIMIT
-      2
-  ) AS table_3
+ALL (
+  SELECT
+    NULL AS an_id,
+    first_name AS name
+  FROM
+    employees
+  LIMIT
+    2
+)
