---
source: prqlc/prqlc/tests/integration/queries.rs
expression: tokens
input_file: prqlc/prqlc/tests/integration/queries/distinct_on.prql
---
TokenVec(
    [
        0..12: Comment(" mssql:test"),
        12..13: NewLine,
        13..17: Ident("from"),
        18..24: Ident("tracks"),
        24..25: NewLine,
        25..31: Ident("select"),
        32..33: Control('{'),
        33..41: Ident("genre_id"),
        41..42: Control(','),
        43..56: Ident("media_type_id"),
        56..57: Control(','),
        58..66: Ident("album_id"),
        66..67: Control('}'),
        67..68: NewLine,
        68..73: Ident("group"),
        74..75: Control('{'),
        75..83: Ident("genre_id"),
        83..84: Control(','),
        85..98: Ident("media_type_id"),
        98..99: Control('}'),
        100..101: Control('('),
        101..105: Ident("sort"),
        106..107: Control('{'),
        107..108: Control('-'),
        108..116: Ident("album_id"),
        116..117: Control('}'),
        118..119: Control('|'),
        120..124: Ident("take"),
        125..126: Literal(Integer(1)),
        126..127: Control(')'),
        127..128: NewLine,
        128..132: Ident("sort"),
        133..134: Control('{'),
        134..135: Control('-'),
        135..143: Ident("genre_id"),
        143..144: Control(','),
        145..158: Ident("media_type_id"),
        158..159: Control('}'),
        159..160: NewLine,
    ],
)
