---
source: web/book/tests/documentation/book.rs
expression: "from `dir/*.parquet`\n"
---
SELECT
  *
FROM
  "dir/*.parquet"

