---
source: reference/tests/snapshot.rs
expression: sql
input_file: reference/tests/examples/language-features/strings-2.prql
---
SELECT
  '"hello world"' AS x
