---
source: book/tests/snapshot.rs
expression: "from employees\ngroup [emp_no] (\n  aggregate [\n    emp_salary = average salary     # average salary resolves to \"AVG(salary)\" (from stdlib)\n  ]\n)\njoin titles [==emp_no]\ngroup [title] (\n  aggregate [\n    avg_salary = average emp_salary\n  ]\n)\nselect salary_k = avg_salary / 1000 # avg_salary should resolve to \"AVG(emp_salary)\"\ntake 10                             # induces new SELECT\nderive salary = salary_k * 1000     # salary_k should not resolve to \"avg_salary / 1000\"\n"
---
from employees
group [emp_no] (
  aggregate [emp_salary = average salary]
)
join titles [==emp_no]
group [title] (
  aggregate [avg_salary = average emp_salary]
)
select salary_k = avg_salary / 1000
take 10
derive salary = salary_k * 1000



