---
source: book/tests/snapshot.rs
expression: prql_to_pl(&prql).and_then(pl_to_prql).unwrap()
input_file: book/tests/prql/syntax-10.prql
---
prql target:sql.postgres



from employees
select `first name`



