---
source: book/tests/snapshot.rs
expression: prql_to_pl(&prql).and_then(pl_to_prql).unwrap()
input_file: book/tests/prql/queries/dialect_and_version-2.prql
---
prql version:^0.3



from employees



