---
source: book/tests/snapshot.rs
expression: Statements(parse(&prql).unwrap())
input_file: book/tests/prql/language-features/strings-0.prql
---
from my_table
select x = "hello world"



