---
source: book/tests/snapshot.rs
expression: "from tracks\nselect [track_id, title, composer, bytes]\nselect ![title, composer]\n"
---
from tracks
select [
  track_id,
  title,
  composer,
  bytes,
]
select not [
  title,
  composer,
]



