---
source: book/tests/snapshot.rs
expression: sql
input_file: book/tests/prql/examples/list-equivalence-3.prql
---
SELECT
  *,
  salary + payroll_tax AS gross_salary,
  salary + payroll_tax + benefits_cost AS gross_cost
FROM
  employees
